
> Configure project :
Fabric Loom: 1.15.5
The mixin annotation is no longer enabled by default, you should remove any loom.mixin configuration. If you wish to continue to use the mixin AP you can set useLegacyMixinAp = true.

> Task :compileJava
.\gradlew : C:\Users\user\Desktop\Repos\Frosty-master\src\main\java\com\revampe
s\Fault\modules\impl\dungeon\AutoTerminals\AutoTerminals.java:15: error: 
cannot find symbol
At line:1 char:1
+ .\gradlew build 2>&1 | tee build_output.log
+ ~~~~~~~~~~~~~~~~~~~~
    + CategoryInfo          : NotSpecified: (C:\Users\user\D...not find symbol 
   :String) [], RemoteException
    + FullyQualifiedErrorId : NativeCommandError
 
import net.minecraft.network.packet.s2c.play.ScreenOpeningS2CPacket;
                                            ^
  symbol:   class ScreenOpeningS2CPacket
  location: package net.minecraft.network.packet.s2c.play
C:\Users\user\Desktop\Repos\Frosty-master\src\main\java\com\revampes\Fault\modu
les\impl\dungeon\AutoTerminals\AutoTerminals.java:102: error: cannot find 
symbol
        if (packet instanceof ScreenOpeningS2CPacket screenPacket) {
                              ^
  symbol:   class ScreenOpeningS2CPacket
  location: class AutoTerminals
C:\Users\user\Desktop\Repos\Frosty-master\src\main\java\com\revampes\Fault\modu
les\impl\dungeon\AutoTerminals\AutoTerminals.java:124: error: cannot find 
symbol
                if (!inP3 && !notP3.getValue()) return;
                                   ^
  symbol:   method getValue()
  location: variable notP3 of type ButtonSetting
C:\Users\user\Desktop\Repos\Frosty-master\src\main\java\com\revampes\Fault\modu
les\impl\dungeon\AutoTerminals\AutoTerminals.java:151: error: cannot find 
symbol
            case "Colors" -> enableColors.getValue();
                                         ^
  symbol:   method getValue()
  location: variable enableColors of type ButtonSetting
C:\Users\user\Desktop\Repos\Frosty-master\src\main\java\com\revampes\Fault\modu
les\impl\dungeon\AutoTerminals\AutoTerminals.java:152: error: cannot find 
symbol
            case "Melody" -> enableMelody.getValue();
                                         ^
  symbol:   method getValue()
  location: variable enableMelody of type ButtonSetting
C:\Users\user\Desktop\Repos\Frosty-master\src\main\java\com\revampes\Fault\modu
les\impl\dungeon\AutoTerminals\AutoTerminals.java:153: error: cannot find 
symbol
            case "Numbers" -> enableNumbers.getValue();
                                           ^
  symbol:   method getValue()
  location: variable enableNumbers of type ButtonSetting
C:\Users\user\Desktop\Repos\Frosty-master\src\main\java\com\revampes\Fault\modu
les\impl\dungeon\AutoTerminals\AutoTerminals.java:154: error: cannot find 
symbol
            case "RedGreen" -> enableRedGreen.getValue();
                                             ^
  symbol:   method getValue()
  location: variable enableRedGreen of type ButtonSetting
C:\Users\user\Desktop\Repos\Frosty-master\src\main\java\com\revampes\Fault\modu
les\impl\dungeon\AutoTerminals\AutoTerminals.java:155: error: cannot find 
symbol
            case "Rubix" -> enableRubix.getValue();
                                       ^
  symbol:   method getValue()
  location: variable enableRubix of type ButtonSetting
C:\Users\user\Desktop\Repos\Frosty-master\src\main\java\com\revampes\Fault\modu
les\impl\dungeon\AutoTerminals\AutoTerminals.java:156: error: cannot find 
symbol
            case "StartsWith" -> enableStartswith.getValue();
                                                 ^
  symbol:   method getValue()
  location: variable enableStartswith of type ButtonSetting
C:\Users\user\Desktop\Repos\Frosty-master\src\main\java\com\revampes\Fault\modu
les\impl\dungeon\AutoTerminals\AutoTerminals.java:166: error: cannot find 
symbol
        return notP3.getValue();
                    ^
  symbol:   method getValue()
  location: variable notP3 of type ButtonSetting
C:\Users\user\Desktop\Repos\Frosty-master\src\main\java\com\revampes\Fault\modu
les\impl\dungeon\AutoTerminals\AutoTerminals.java:170: error: cannot find 
symbol
        return invWalkEnabled.getValue();
                             ^
  symbol:   method getValue()
  location: variable invWalkEnabled of type ButtonSetting
C:\Users\user\Desktop\Repos\Frosty-master\src\main\java\com\revampes\Fault\modu
les\impl\dungeon\AutoTerminals\AutoTerminals.java:174: error: cannot find 
symbol
        return invWalkRenderer.getValue();
                              ^
  symbol:   method getValue()
  location: variable invWalkRenderer of type ButtonSetting
C:\Users\user\Desktop\Repos\Frosty-master\src\main\java\com\revampes\Fault\modu
les\impl\dungeon\AutoTerminals\AutoTerminals.java:178: error: cannot find 
symbol
        return firstDelay.getValue();
                         ^
  symbol:   method getValue()
  location: variable firstDelay of type SliderSetting
C:\Users\user\Desktop\Repos\Frosty-master\src\main\java\com\revampes\Fault\modu
les\impl\dungeon\AutoTerminals\AutoTerminals.java:182: error: cannot find 
symbol
        return delay.getValue();
                    ^
  symbol:   method getValue()
  location: variable delay of type SliderSetting
C:\Users\user\Desktop\Repos\Frosty-master\src\main\java\com\revampes\Fault\modu
les\impl\dungeon\AutoTerminals\AutoTerminals.java:186: error: cannot find 
symbol
        return timeout.getValue();
                      ^
  symbol:   method getValue()
  location: variable timeout of type SliderSetting
C:\Users\user\Desktop\Repos\Frosty-master\src\main\java\com\revampes\Fault\modu
les\impl\dungeon\AutoTerminals\AutoTerminals.java:190: error: cannot find 
symbol
        return (int) tick.getValue();
                         ^
  symbol:   method getValue()
  location: variable tick of type SliderSetting
C:\Users\user\Desktop\Repos\Frosty-master\src\main\java\com\revampes\Fault\modu
les\impl\dungeon\AutoTerminals\AutoTerminals.java:194: error: cannot find 
symbol
        return invWalkMelodyEnabled.getValue();
                                   ^
  symbol:   method getValue()
  location: variable invWalkMelodyEnabled of type ButtonSetting
C:\Users\user\Desktop\Repos\Frosty-master\src\main\java\com\revampes\Fault\modu
les\impl\dungeon\AutoTerminals\AutoTerminals.java:198: error: cannot find 
symbol
        return invWalkMelodyMoveDelay.getValue();
                                     ^
  symbol:   method getValue()
  location: variable invWalkMelodyMoveDelay of type SliderSetting
C:\Users\user\Desktop\Repos\Frosty-master\src\main\java\com\revampes\Fault\modu
les\impl\dungeon\AutoTerminals\AutoTerminals.java:202: error: cannot find 
symbol
        return (int) melodySkip.getValue();
                               ^
  symbol:   method getValue()
  location: variable melodySkip of type SliderSetting
C:\Users\user\Desktop\Repos\Frosty-master\src\main\java\com\revampes\Fault\modu
les\impl\dungeon\AutoTerminals\AutoTerminals.java:206: error: cannot find 
symbol
        return melodySkipDelay.getValue();
                              ^
  symbol:   method getValue()
  location: variable melodySkipDelay of type SliderSetting
C:\Users\user\Desktop\Repos\Frosty-master\src\main\java\com\revampes\Fault\modu
les\impl\dungeon\AutoTerminals\AbstractAutoTerminal.java:59: error: cannot 
find symbol
        return 
itemStack.getEnchantments().getEnchantmentIds().toArray().length > 0;
                                          ^
  symbol:   method getEnchantmentIds()
  location: class ItemEnchantmentsComponent
Note: C:\Users\user\Desktop\Repos\Frosty-master\src\main\java\com\revampes\Faul
t\mixin\ClientPlayerEntityMixin.java uses or overrides a deprecated API.
Note: Recompile with -Xlint:deprecation for details.
Note: C:\Users\user\Desktop\Repos\Frosty-master\src\main\java\com\revampes\Faul
t\modules\Module.java uses unchecked or unsafe operations.
Note: Recompile with -Xlint:unchecked for details.
21 errors

> Task :compileJava FAILED

[Incubating] Problems report is available at: file:///C:/Users/user/Desktop/Repos/Frosty-master/build/reports/problems/problems-report.html

FAILURE: Build failed with an exception.

* What went wrong:
Execution failed for task ':compileJava'.
> Compilation failed; see the compiler output below.
  Note: C:\Users\user\Desktop\Repos\Frosty-master\src\main\java\com\revampes\Fa
ult\mixin\ClientPlayerEntityMixin.java uses or overrides a deprecated API.
  Note: Recompile with -Xlint:deprecation for details.
  Note: C:\Users\user\Desktop\Repos\Frosty-master\src\main\java\com\revampes\Fa
ult\modules\Module.java uses unchecked or unsafe operations.
  C:\Users\user\Desktop\Repos\Frosty-master\src\main\java\com\revampes\Fault\mo
dules\impl\dungeon\AutoTerminals\AutoTerminals.java:15: error: cannot find 
symbol
  import net.minecraft.network.packet.s2c.play.ScreenOpeningS2CPacket;
                                              ^
    symbol:   class ScreenOpeningS2CPacket
    location: package net.minecraft.network.packet.s2c.play
  C:\Users\user\Desktop\Repos\Frosty-master\src\main\java\com\revampes\Fault\mo
dules\impl\dungeon\AutoTerminals\AutoTerminals.java:102: error: cannot find 
symbol
          if (packet instanceof ScreenOpeningS2CPacket screenPacket) {
                                ^
    symbol:   class ScreenOpeningS2CPacket
    location: class AutoTerminals
  Note: Recompile with -Xlint:unchecked for details.
  C:\Users\user\Desktop\Repos\Frosty-master\src\main\java\com\revampes\Fault\mo
dules\impl\dungeon\AutoTerminals\AutoTerminals.java:124: error: cannot find 
symbol
                  if (!inP3 && !notP3.getValue()) return;
                                     ^
    symbol:   method getValue()
    location: variable notP3 of type ButtonSetting
  C:\Users\user\Desktop\Repos\Frosty-master\src\main\java\com\revampes\Fault\mo
dules\impl\dungeon\AutoTerminals\AutoTerminals.java:151: error: cannot find 
symbol
              case "Colors" -> enableColors.getValue();
                                           ^
    symbol:   method getValue()
    location: variable enableColors of type ButtonSetting
  C:\Users\user\Desktop\Repos\Frosty-master\src\main\java\com\revampes\Fault\mo
dules\impl\dungeon\AutoTerminals\AutoTerminals.java:152: error: cannot find 
symbol
              case "Melody" -> enableMelody.getValue();
                                           ^
    symbol:   method getValue()
    location: variable enableMelody of type ButtonSetting
  C:\Users\user\Desktop\Repos\Frosty-master\src\main\java\com\revampes\Fault\mo
dules\impl\dungeon\AutoTerminals\AutoTerminals.java:153: error: cannot find 
symbol
              case "Numbers" -> enableNumbers.getValue();
                                             ^
    symbol:   method getValue()
    location: variable enableNumbers of type ButtonSetting
  C:\Users\user\Desktop\Repos\Frosty-master\src\main\java\com\revampes\Fault\mo
dules\impl\dungeon\AutoTerminals\AutoTerminals.java:154: error: cannot find 
symbol
              case "RedGreen" -> enableRedGreen.getValue();
                                               ^
    symbol:   method getValue()
    location: variable enableRedGreen of type ButtonSetting
  C:\Users\user\Desktop\Repos\Frosty-master\src\main\java\com\revampes\Fault\mo
dules\impl\dungeon\AutoTerminals\AutoTerminals.java:155: error: cannot find 
symbol
              case "Rubix" -> enableRubix.getValue();
                                         ^
    symbol:   method getValue()
    location: variable enableRubix of type ButtonSetting
  C:\Users\user\Desktop\Repos\Frosty-master\src\main\java\com\revampes\Fault\mo
dules\impl\dungeon\AutoTerminals\AutoTerminals.java:156: error: cannot find 
symbol
              case "StartsWith" -> enableStartswith.getValue();
                                                   ^
    symbol:   method getValue()
    location: variable enableStartswith of type ButtonSetting
  C:\Users\user\Desktop\Repos\Frosty-master\src\main\java\com\revampes\Fault\mo
dules\impl\dungeon\AutoTerminals\AutoTerminals.java:166: error: cannot find 
symbol
          return notP3.getValue();
                      ^
    symbol:   method getValue()
    location: variable notP3 of type ButtonSetting
  C:\Users\user\Desktop\Repos\Frosty-master\src\main\java\com\revampes\Fault\mo
dules\impl\dungeon\AutoTerminals\AutoTerminals.java:170: error: cannot find 
symbol
          return invWalkEnabled.getValue();
                               ^
    symbol:   method getValue()
    location: variable invWalkEnabled of type ButtonSetting
  C:\Users\user\Desktop\Repos\Frosty-master\src\main\java\com\revampes\Fault\mo
dules\impl\dungeon\AutoTerminals\AutoTerminals.java:174: error: cannot find 
symbol
          return invWalkRenderer.getValue();
                                ^
    symbol:   method getValue()
    location: variable invWalkRenderer of type ButtonSetting
  C:\Users\user\Desktop\Repos\Frosty-master\src\main\java\com\revampes\Fault\mo
dules\impl\dungeon\AutoTerminals\AutoTerminals.java:178: error: cannot find 
symbol
          return firstDelay.getValue();
                           ^
    symbol:   method getValue()
    location: variable firstDelay of type SliderSetting
  C:\Users\user\Desktop\Repos\Frosty-master\src\main\java\com\revampes\Fault\mo
dules\impl\dungeon\AutoTerminals\AutoTerminals.java:182: error: cannot find 
symbol
          return delay.getValue();
                      ^
    symbol:   method getValue()
    location: variable delay of type SliderSetting
  C:\Users\user\Desktop\Repos\Frosty-master\src\main\java\com\revampes\Fault\mo
dules\impl\dungeon\AutoTerminals\AutoTerminals.java:186: error: cannot find 
symbol
          return timeout.getValue();
                        ^
    symbol:   method getValue()
    location: variable timeout of type SliderSetting
  C:\Users\user\Desktop\Repos\Frosty-master\src\main\java\com\revampes\Fault\mo
dules\impl\dungeon\AutoTerminals\AutoTerminals.java:190: error: cannot find 
symbol
          return (int) tick.getValue();
                           ^
    symbol:   method getValue()
    location: variable tick of type SliderSetting
  C:\Users\user\Desktop\Repos\Frosty-master\src\main\java\com\revampes\Fault\mo
dules\impl\dungeon\AutoTerminals\AutoTerminals.java:194: error: cannot find 
symbol
          return invWalkMelodyEnabled.getValue();
                                     ^
    symbol:   method getValue()
    location: variable invWalkMelodyEnabled of type ButtonSetting
  C:\Users\user\Desktop\Repos\Frosty-master\src\main\java\com\revampes\Fault\mo
dules\impl\dungeon\AutoTerminals\AutoTerminals.java:198: error: cannot find 
symbol
          return invWalkMelodyMoveDelay.getValue();
                                       ^
    symbol:   method getValue()
    location: variable invWalkMelodyMoveDelay of type SliderSetting
  C:\Users\user\Desktop\Repos\Frosty-master\src\main\java\com\revampes\Fault\mo
dules\impl\dungeon\AutoTerminals\AutoTerminals.java:202: error: cannot find 
symbol
          return (int) melodySkip.getValue();
                                 ^
    symbol:   method getValue()
    location: variable melodySkip of type SliderSetting
  C:\Users\user\Desktop\Repos\Frosty-master\src\main\java\com\revampes\Fault\mo
dules\impl\dungeon\AutoTerminals\AutoTerminals.java:206: error: cannot find 
symbol
          return melodySkipDelay.getValue();
                                ^
    symbol:   method getValue()
    location: variable melodySkipDelay of type SliderSetting
  C:\Users\user\Desktop\Repos\Frosty-master\src\main\java\com\revampes\Fault\mo
dules\impl\dungeon\AutoTerminals\AbstractAutoTerminal.java:59: error: cannot 
find symbol
          return 
itemStack.getEnchantments().getEnchantmentIds().toArray().length > 0;
                                            ^
    symbol:   method getEnchantmentIds()
    location: class ItemEnchantmentsComponent
  21 errors

* Try:
> Check your code and dependencies to fix the compilation error(s)
> Run with --scan to get full insights from a Build Scan (powered by 
Develocity).

Deprecated Gradle features were used in this build, making it incompatible with Gradle 10.

You can use '--warning-mode all' to show the individual deprecation warnings and determine if they come from your own scripts or plugins.

For more on this, please refer to https://docs.gradle.org/9.3.0/userguide/command_line_interface.html#sec:command_line_warnings in the Gradle documentation.

BUILD FAILED in 6s
1 actionable task: 1 executed
